[DATA_POINT]
1="HTTP_302"
2="tcp_connect"
3="tcp_connection_count"
4="mic_recv"
5="HTTP_200"
6="tcp_shutdown"
7="ssl_session_new"
8="RETRY_KEEP_ALIVE"
[END_TRANSACTION]
1="vuser_init_Transaction"
2="http://127.0.0.1:1080/WebTours/index.htm"
3="http://127.0.0.1:1080/WebTours/header.html"
4="http://127.0.0.1:1080/cgi-bin/welcome.pl?signOff=true"
5="http://127.0.0.1:1080/WebTours/images/hp_logo.png"
6="http://127.0.0.1:1080/WebTours/images/webtours.png"
7="http://127.0.0.1:1080/WebTours/home.html"
8="https://ieonline.microsoft.com/iedomainsuggestions/ie11/suggestions.th-TH"
9="https://ieonline.microsoft.com/ieflipahead/ie10/rules.xml?mkt=th-TH"
10="https://c.urs.microsoft.com/l1.dat?v=3&cv=9.11.19041.0&os=10.0.19041.0.0&pg=4A72F430-B40C-4D36-A068-CE33ADA5ADF9"
11="http://127.0.0.1:1080/WebTours/images/mer_login.gif"
12="index.htm_Action_29"
13="https://go.microsoft.com/fwlink/?LinkID=401135"
14="https://ieonline.microsoft.com/s/iess/instrument19.cer"
15="fwlink_Action_47"
16="http://127.0.0.1:1080/cgi-bin/login.pl"
17="http://127.0.0.1:1080/WebTours/images/in_home.gif"
18="http://127.0.0.1:1080/WebTours/images/flights.gif"
19="http://127.0.0.1:1080/WebTours/images/itinerary.gif"
20="http://127.0.0.1:1080/WebTours/images/signoff.gif"
21="http://127.0.0.1:1080/cgi-bin/nav.pl?page=menu&in=home"
22="http://127.0.0.1:1080/cgi-bin/login.pl?intro=true"
23="login.pl_Action_69"
24="01_login"
25="http://127.0.0.1:1080/cgi-bin/welcome.pl?page=search"
26="http://127.0.0.1:1080/WebTours/images/home.gif"
27="http://127.0.0.1:1080/cgi-bin/nav.pl?page=menu&in=flights"
28="http://127.0.0.1:1080/WebTours/images/in_flights.gif"
29="http://127.0.0.1:1080/cgi-bin/reservations.pl?page=welcome"
30="http://127.0.0.1:1080/WebTours/images/button_next.gif"
31="Search_Flights_Button_Action_89"
32="http://127.0.0.1:1080/cgi-bin/nav.pl?in=home"
33="http://127.0.0.1:1080/cgi-bin/reservations.pl"
34="reservations.pl_Action_99"
35="reservations.pl_2_Action_116"
36="02_purchase"
37="http://127.0.0.1:1080/WebTours/images/bookanother.gif"
38="reservations.pl_3_Action_134"
39="http://127.0.0.1:1080/cgi-bin/welcome.pl?signOff=1"
40="SignOff_Button_Action_153"
41="Action_Transaction"
42="vuser_end_Transaction"
